// Jest Snapshot v1, https://goo.gl/fbAQLP

exports[`MakupDetail component should render correctly 1`] = `
<div>
  <div>
    Product not found
  </div>
</div>
`;
